[www.3daimtrainer.com/index.html]
[www.3daimtrainer.com/assets/imgs/general/favicon.png]
[backblue.gif]
[fade.gif]
[index.html]
[ajax.cloudflare.com/cdn-cgi/scripts/7089c43e/cloudflare-static/rocket-loader.min.js]
[www.3daimtrainer.com/dist/assessment_community_download_faq_home_hyperX_multiplayer-games_password-reset_quick-play_settings_v_65cab138-144e7786cc28046b7cca.css]
[www.3daimtrainer.com/dist/home-c0fbe9f875cad7cc263a.css]
[polyfill.io/v3/polyfill.minc078.js]
[unpkg.com/react@16.13.1/umd/react.production.min.js]
[unpkg.com/react-dom@16.13.1/umd/react-dom.production.min.js]
[static.klaviyo.com/onsite/js/klaviyo09f6.js]
[www.3daimtrainer.com/dist/vendors_academy_assessment_community_download_faq_home_hyperX_multiplayer-games_password-reset_quick_ea129ec2/bc66182f6f26a6a41678.js]
[www.3daimtrainer.com/dist/assessment_community_download_faq_home_hyperX_multiplayer-games_password-reset_quick-play_settings_v_65cab138/73510ce69e1449d14db7.js]
[www.3daimtrainer.com/index.html]
[www.3daimtrainer.com/dist/assessment_community_download_faq_home_hyperX_multiplayer-games_password-reset_quick-play_settings_v_65cab138-144e7786cc28046b7cca.css]
[www.3daimtrainer.com/dist/home/de58fc28ebe09329d849.js]
[www.3daimtrainer.com/dist/assets/wallpaper-11a212638def8a53844f3aba2cccb779.png]
[www.3daimtrainer.com/dist/home-c0fbe9f875cad7cc263a.css]
[www.3daimtrainer.com/index-2.html]
[static.klaviyo.com/onsite/js/klaviyo09f6.js]
[www.3daimtrainer.com/index-2.html]
